  castor  │  Select a device                                                    
                                                                                
  Living room                                                                   
  DLNA  10.0.0.2                                                                
                                                                                
│ Bedroom                                                                       
│ CHROMECAST  10.0.0.9                                                          
                                                                                
                                                                                
                                                                                
                                                                                
  j/k nav · ↵ select · q quit                                                   