  Trending                                                                        ● ○ ○ ○ ○  DLNA  Living room
❯ Type to search TMDB…                                                                                        
                                                                                                              
│ The Matrix (1999)                                                                                           
│ Movie · A hacker learns the truth about his reality.                                                        
                                                                                                              
  The Office (2005)                                                                                           
  TV · A mockumentary about office life.                                                                      
                                                                                                              
                                                                                                              
                                                                                                              
                                                                                                              
                                                                                                              
                                                                                                              
                                                                                                              
                                                                                                              
                                                                                                              
                                                                                                              
                                                                                                              
                                                                                                              
                                                                                                              
                                                                                                              
                                                                                                              
                                                                                                              
                                                        The Matrix (1999)                                     
                                                        ★ 8.2 · 2h 16m · Action                               
                                                        Welcome to the Real World.                            
                                                                                                              
                                                        A hacker learns the truth                             
                                                                                                              
  ↑ up • ↓ down • tab next • ^g genres • ↵ open • esc back • ? help • ^C quit                                 
                                                                                                              