  The Office › S01 › Episodes                                      
                                                                   
                                                                   
  E01 · Pilot                                                      
  2005-03-24                                                       
                                                                   
│ E02 · Diversity Day                                              
│ 2005-03-29                                                       
                                                                   
                                                                   
                                                                   
                                                                   
                                                                   
                                                                   
                                                                   
                                                                   
                                                                   
                                                                   
                                                                   
                                                                   
                                                                   
                                                                   
                                                                   
                                                                   
                                                                   
                                                                   
                                                                   
                                                                   
                                                                   
                                                                   
  ↑ up • ↓ down • ↵ open • esc back • / filter • ? help • ^C quit  
                                                                   